Archive member included because of file (symbol)

m:/tools/01-imt sdk/01- imt sdk/imt_sdk_win_64/imt_sdk_win_64/winavr/bin/../lib/gcc/avr/4.3.3/avr5\libgcc.a(_mulsi3.o)
                              ./HAL/ULTRASONIC/ULTRA_program.o (__mulsi3)
m:/tools/01-imt sdk/01- imt sdk/imt_sdk_win_64/imt_sdk_win_64/winavr/bin/../lib/gcc/avr/4.3.3/avr5\libgcc.a(_udivmodhi4.o)
                              ./MCAL/UART/UART_program.o (__udivmodhi4)
m:/tools/01-imt sdk/01- imt sdk/imt_sdk_win_64/imt_sdk_win_64/winavr/bin/../lib/gcc/avr/4.3.3/avr5\libgcc.a(_divmodsi4.o)
                              ./HAL/ULTRASONIC/ULTRA_program.o (__divmodsi4)
m:/tools/01-imt sdk/01- imt sdk/imt_sdk_win_64/imt_sdk_win_64/winavr/bin/../lib/gcc/avr/4.3.3/avr5\libgcc.a(_exit.o)
                              m:/tools/01-imt sdk/01- imt sdk/imt_sdk_win_64/imt_sdk_win_64/winavr/bin/../lib/gcc/avr/4.3.3/../../../../avr/lib/avr5/crtm32.o (exit)
m:/tools/01-imt sdk/01- imt sdk/imt_sdk_win_64/imt_sdk_win_64/winavr/bin/../lib/gcc/avr/4.3.3/avr5\libgcc.a(_copy_data.o)
                              ./HAL/SSD/SSD_program.o (__do_copy_data)
m:/tools/01-imt sdk/01- imt sdk/imt_sdk_win_64/imt_sdk_win_64/winavr/bin/../lib/gcc/avr/4.3.3/avr5\libgcc.a(_clear_bss.o)
                              ./MCAL/UART/UART_program.o (__do_clear_bss)
m:/tools/01-imt sdk/01- imt sdk/imt_sdk_win_64/imt_sdk_win_64/winavr/bin/../lib/gcc/avr/4.3.3/avr5\libgcc.a(_fixunssfsi.o)
                              ./HAL/ULTRASONIC/ULTRA_program.o (__fixunssfsi)
m:/tools/01-imt sdk/01- imt sdk/imt_sdk_win_64/imt_sdk_win_64/winavr/bin/../lib/gcc/avr/4.3.3/avr5\libgcc.a(_addsub_sf.o)
                              m:/tools/01-imt sdk/01- imt sdk/imt_sdk_win_64/imt_sdk_win_64/winavr/bin/../lib/gcc/avr/4.3.3/avr5\libgcc.a(_fixunssfsi.o) (__subsf3)
m:/tools/01-imt sdk/01- imt sdk/imt_sdk_win_64/imt_sdk_win_64/winavr/bin/../lib/gcc/avr/4.3.3/avr5\libgcc.a(_mul_sf.o)
                              ./HAL/ULTRASONIC/ULTRA_program.o (__mulsf3)
m:/tools/01-imt sdk/01- imt sdk/imt_sdk_win_64/imt_sdk_win_64/winavr/bin/../lib/gcc/avr/4.3.3/avr5\libgcc.a(_div_sf.o)
                              ./HAL/ULTRASONIC/ULTRA_program.o (__divsf3)
m:/tools/01-imt sdk/01- imt sdk/imt_sdk_win_64/imt_sdk_win_64/winavr/bin/../lib/gcc/avr/4.3.3/avr5\libgcc.a(_gt_sf.o)
                              ./HAL/ULTRASONIC/ULTRA_program.o (__gtsf2)
m:/tools/01-imt sdk/01- imt sdk/imt_sdk_win_64/imt_sdk_win_64/winavr/bin/../lib/gcc/avr/4.3.3/avr5\libgcc.a(_ge_sf.o)
                              m:/tools/01-imt sdk/01- imt sdk/imt_sdk_win_64/imt_sdk_win_64/winavr/bin/../lib/gcc/avr/4.3.3/avr5\libgcc.a(_fixunssfsi.o) (__gesf2)
m:/tools/01-imt sdk/01- imt sdk/imt_sdk_win_64/imt_sdk_win_64/winavr/bin/../lib/gcc/avr/4.3.3/avr5\libgcc.a(_lt_sf.o)
                              ./HAL/ULTRASONIC/ULTRA_program.o (__ltsf2)
m:/tools/01-imt sdk/01- imt sdk/imt_sdk_win_64/imt_sdk_win_64/winavr/bin/../lib/gcc/avr/4.3.3/avr5\libgcc.a(_sf_to_si.o)
                              m:/tools/01-imt sdk/01- imt sdk/imt_sdk_win_64/imt_sdk_win_64/winavr/bin/../lib/gcc/avr/4.3.3/avr5\libgcc.a(_fixunssfsi.o) (__fixsfsi)
m:/tools/01-imt sdk/01- imt sdk/imt_sdk_win_64/imt_sdk_win_64/winavr/bin/../lib/gcc/avr/4.3.3/avr5\libgcc.a(_thenan_sf.o)
                              m:/tools/01-imt sdk/01- imt sdk/imt_sdk_win_64/imt_sdk_win_64/winavr/bin/../lib/gcc/avr/4.3.3/avr5\libgcc.a(_addsub_sf.o) (__thenan_sf)
m:/tools/01-imt sdk/01- imt sdk/imt_sdk_win_64/imt_sdk_win_64/winavr/bin/../lib/gcc/avr/4.3.3/avr5\libgcc.a(_udivmodsi4.o)
                              m:/tools/01-imt sdk/01- imt sdk/imt_sdk_win_64/imt_sdk_win_64/winavr/bin/../lib/gcc/avr/4.3.3/avr5\libgcc.a(_divmodsi4.o) (__udivmodsi4)
m:/tools/01-imt sdk/01- imt sdk/imt_sdk_win_64/imt_sdk_win_64/winavr/bin/../lib/gcc/avr/4.3.3/avr5\libgcc.a(_prologue.o)
                              m:/tools/01-imt sdk/01- imt sdk/imt_sdk_win_64/imt_sdk_win_64/winavr/bin/../lib/gcc/avr/4.3.3/avr5\libgcc.a(_addsub_sf.o) (__prologue_saves__)
m:/tools/01-imt sdk/01- imt sdk/imt_sdk_win_64/imt_sdk_win_64/winavr/bin/../lib/gcc/avr/4.3.3/avr5\libgcc.a(_epilogue.o)
                              m:/tools/01-imt sdk/01- imt sdk/imt_sdk_win_64/imt_sdk_win_64/winavr/bin/../lib/gcc/avr/4.3.3/avr5\libgcc.a(_addsub_sf.o) (__epilogue_restores__)
m:/tools/01-imt sdk/01- imt sdk/imt_sdk_win_64/imt_sdk_win_64/winavr/bin/../lib/gcc/avr/4.3.3/avr5\libgcc.a(_pack_sf.o)
                              m:/tools/01-imt sdk/01- imt sdk/imt_sdk_win_64/imt_sdk_win_64/winavr/bin/../lib/gcc/avr/4.3.3/avr5\libgcc.a(_addsub_sf.o) (__pack_f)
m:/tools/01-imt sdk/01- imt sdk/imt_sdk_win_64/imt_sdk_win_64/winavr/bin/../lib/gcc/avr/4.3.3/avr5\libgcc.a(_unpack_sf.o)
                              m:/tools/01-imt sdk/01- imt sdk/imt_sdk_win_64/imt_sdk_win_64/winavr/bin/../lib/gcc/avr/4.3.3/avr5\libgcc.a(_addsub_sf.o) (__unpack_f)
m:/tools/01-imt sdk/01- imt sdk/imt_sdk_win_64/imt_sdk_win_64/winavr/bin/../lib/gcc/avr/4.3.3/avr5\libgcc.a(_fpcmp_parts_sf.o)
                              m:/tools/01-imt sdk/01- imt sdk/imt_sdk_win_64/imt_sdk_win_64/winavr/bin/../lib/gcc/avr/4.3.3/avr5\libgcc.a(_gt_sf.o) (__fpcmp_parts_f)
m:/tools/01-imt sdk/01- imt sdk/imt_sdk_win_64/imt_sdk_win_64/winavr/bin/../lib/gcc/avr/4.3.3/../../../../avr/lib/avr5\libc.a(memcpy.o)
                              ./APP/main.o (memcpy)
m:/tools/01-imt sdk/01- imt sdk/imt_sdk_win_64/imt_sdk_win_64/winavr/bin/../lib/gcc/avr/4.3.3/../../../../avr/lib/avr5\libc.a(strncmp.o)
                              ./APP/main.o (strncmp)

Allocating common symbols
Common symbol       size              file

Clints              0x126             ./APP/main.o

Memory Configuration

Name             Origin             Length             Attributes
text             0x00000000         0x00020000         xr
data             0x00800060         0x0000ffa0         rw !x
eeprom           0x00810000         0x00010000         rw !x
fuse             0x00820000         0x00000400         rw !x
lock             0x00830000         0x00000400         rw !x
signature        0x00840000         0x00000400         rw !x
*default*        0x00000000         0xffffffff

Linker script and memory map

LOAD m:/tools/01-imt sdk/01- imt sdk/imt_sdk_win_64/imt_sdk_win_64/winavr/bin/../lib/gcc/avr/4.3.3/../../../../avr/lib/avr5/crtm32.o
LOAD ./MCAL/UART/UART_program.o
LOAD ./MCAL/TWI/TWI_program.o
LOAD ./MCAL/TIMER/TIMER_program.o
LOAD ./MCAL/SPI/SPI_program.o
LOAD ./MCAL/GIE/GIE_program.o
LOAD ./MCAL/EXTI/EXTI_program.o
LOAD ./MCAL/DIO/DIO_program.o
LOAD ./MCAL/ADC/ADC_program.o
LOAD ./HAL/ULTRASONIC/ULTRA_program.o
LOAD ./HAL/SSD/SSD_program.o
LOAD ./HAL/SMD/SMD_program.o
LOAD ./HAL/LM35/LM35_program.o
LOAD ./HAL/LCD/LCD_program.o
LOAD ./HAL/KPD/KPD_program.o
LOAD ./HAL/EEPROM/EEPROM_program.o
LOAD ./APP/main.o
LOAD m:/tools/01-imt sdk/01- imt sdk/imt_sdk_win_64/imt_sdk_win_64/winavr/bin/../lib/gcc/avr/4.3.3/avr5\libgcc.a
LOAD m:/tools/01-imt sdk/01- imt sdk/imt_sdk_win_64/imt_sdk_win_64/winavr/bin/../lib/gcc/avr/4.3.3/../../../../avr/lib/avr5\libc.a
LOAD m:/tools/01-imt sdk/01- imt sdk/imt_sdk_win_64/imt_sdk_win_64/winavr/bin/../lib/gcc/avr/4.3.3/avr5\libgcc.a

.hash
 *(.hash)

.dynsym
 *(.dynsym)

.dynstr
 *(.dynstr)

.gnu.version
 *(.gnu.version)

.gnu.version_d
 *(.gnu.version_d)

.gnu.version_r
 *(.gnu.version_r)

.rel.init
 *(.rel.init)

.rela.init
 *(.rela.init)

.rel.text
 *(.rel.text)
 *(.rel.text.*)
 *(.rel.gnu.linkonce.t*)

.rela.text
 *(.rela.text)
 *(.rela.text.*)
 *(.rela.gnu.linkonce.t*)

.rel.fini
 *(.rel.fini)

.rela.fini
 *(.rela.fini)

.rel.rodata
 *(.rel.rodata)
 *(.rel.rodata.*)
 *(.rel.gnu.linkonce.r*)

.rela.rodata
 *(.rela.rodata)
 *(.rela.rodata.*)
 *(.rela.gnu.linkonce.r*)

.rel.data
 *(.rel.data)
 *(.rel.data.*)
 *(.rel.gnu.linkonce.d*)

.rela.data
 *(.rela.data)
 *(.rela.data.*)
 *(.rela.gnu.linkonce.d*)

.rel.ctors
 *(.rel.ctors)

.rela.ctors
 *(.rela.ctors)

.rel.dtors
 *(.rel.dtors)

.rela.dtors
 *(.rela.dtors)

.rel.got
 *(.rel.got)

.rela.got
 *(.rela.got)

.rel.bss
 *(.rel.bss)

.rela.bss
 *(.rela.bss)

.rel.plt
 *(.rel.plt)

.rela.plt
 *(.rela.plt)

.text           0x00000000     0x5416
 *(.vectors)
 .vectors       0x00000000       0x54 m:/tools/01-imt sdk/01- imt sdk/imt_sdk_win_64/imt_sdk_win_64/winavr/bin/../lib/gcc/avr/4.3.3/../../../../avr/lib/avr5/crtm32.o
                0x00000000                __vectors
                0x00000000                __vector_default
 *(.vectors)
 *(.progmem.gcc*)
 *(.progmem*)
                0x00000054                . = ALIGN (0x2)
                0x00000054                __trampolines_start = .
 *(.trampolines)
 .trampolines   0x00000054        0x0 linker stubs
 *(.trampolines*)
                0x00000054                __trampolines_end = .
 *(.jumptables)
 *(.jumptables*)
 *(.lowtext)
 *(.lowtext*)
                0x00000054                __ctors_start = .
 *(.ctors)
                0x00000054                __ctors_end = .
                0x00000054                __dtors_start = .
 *(.dtors)
                0x00000054                __dtors_end = .
 SORT(*)(.ctors)
 SORT(*)(.dtors)
 *(.init0)
 .init0         0x00000054        0x0 m:/tools/01-imt sdk/01- imt sdk/imt_sdk_win_64/imt_sdk_win_64/winavr/bin/../lib/gcc/avr/4.3.3/../../../../avr/lib/avr5/crtm32.o
                0x00000054                __init
 *(.init0)
 *(.init1)
 *(.init1)
 *(.init2)
 .init2         0x00000054        0xc m:/tools/01-imt sdk/01- imt sdk/imt_sdk_win_64/imt_sdk_win_64/winavr/bin/../lib/gcc/avr/4.3.3/../../../../avr/lib/avr5/crtm32.o
 *(.init2)
 *(.init3)
 *(.init3)
 *(.init4)
 .init4         0x00000060       0x16 m:/tools/01-imt sdk/01- imt sdk/imt_sdk_win_64/imt_sdk_win_64/winavr/bin/../lib/gcc/avr/4.3.3/avr5\libgcc.a(_copy_data.o)
                0x00000060                __do_copy_data
 .init4         0x00000076       0x10 m:/tools/01-imt sdk/01- imt sdk/imt_sdk_win_64/imt_sdk_win_64/winavr/bin/../lib/gcc/avr/4.3.3/avr5\libgcc.a(_clear_bss.o)
                0x00000076                __do_clear_bss
 *(.init4)
 *(.init5)
 *(.init5)
 *(.init6)
 *(.init6)
 *(.init7)
 *(.init7)
 *(.init8)
 *(.init8)
 *(.init9)
 .init9         0x00000086        0x8 m:/tools/01-imt sdk/01- imt sdk/imt_sdk_win_64/imt_sdk_win_64/winavr/bin/../lib/gcc/avr/4.3.3/../../../../avr/lib/avr5/crtm32.o
 *(.init9)
 *(.text)
 .text          0x0000008e        0x4 m:/tools/01-imt sdk/01- imt sdk/imt_sdk_win_64/imt_sdk_win_64/winavr/bin/../lib/gcc/avr/4.3.3/../../../../avr/lib/avr5/crtm32.o
                0x0000008e                __vector_12
                0x0000008e                __bad_interrupt
                0x0000008e                __vector_3
                0x0000008e                __vector_13
                0x0000008e                __vector_17
                0x0000008e                __vector_19
                0x0000008e                __vector_5
                0x0000008e                __vector_4
                0x0000008e                __vector_2
                0x0000008e                __vector_15
                0x0000008e                __vector_14
                0x0000008e                __vector_18
                0x0000008e                __vector_20
 .text          0x00000092        0x0 ./MCAL/UART/UART_program.o
 .text          0x00000092        0x0 ./MCAL/TWI/TWI_program.o
 .text          0x00000092        0x0 ./MCAL/TIMER/TIMER_program.o
 .text          0x00000092        0x0 ./MCAL/SPI/SPI_program.o
 .text          0x00000092        0x0 ./MCAL/GIE/GIE_program.o
 .text          0x00000092        0x0 ./MCAL/EXTI/EXTI_program.o
 .text          0x00000092        0x0 ./MCAL/DIO/DIO_program.o
 .text          0x00000092        0x0 ./MCAL/ADC/ADC_program.o
 .text          0x00000092        0x0 ./HAL/ULTRASONIC/ULTRA_program.o
 .text          0x00000092        0x0 ./HAL/SSD/SSD_program.o
 .text          0x00000092        0x0 ./HAL/SMD/SMD_program.o
 .text          0x00000092        0x0 ./HAL/LM35/LM35_program.o
 .text          0x00000092        0x0 ./HAL/LCD/LCD_program.o
 .text          0x00000092        0x0 ./HAL/KPD/KPD_program.o
 .text          0x00000092        0x0 ./HAL/EEPROM/EEPROM_program.o
 .text          0x00000092        0x0 ./APP/main.o
 .text          0x00000092        0x0 m:/tools/01-imt sdk/01- imt sdk/imt_sdk_win_64/imt_sdk_win_64/winavr/bin/../lib/gcc/avr/4.3.3/avr5\libgcc.a(_mulsi3.o)
 .text          0x00000092        0x0 m:/tools/01-imt sdk/01- imt sdk/imt_sdk_win_64/imt_sdk_win_64/winavr/bin/../lib/gcc/avr/4.3.3/avr5\libgcc.a(_udivmodhi4.o)
 .text          0x00000092        0x0 m:/tools/01-imt sdk/01- imt sdk/imt_sdk_win_64/imt_sdk_win_64/winavr/bin/../lib/gcc/avr/4.3.3/avr5\libgcc.a(_divmodsi4.o)
 .text          0x00000092        0x0 m:/tools/01-imt sdk/01- imt sdk/imt_sdk_win_64/imt_sdk_win_64/winavr/bin/../lib/gcc/avr/4.3.3/avr5\libgcc.a(_exit.o)
 .text          0x00000092        0x0 m:/tools/01-imt sdk/01- imt sdk/imt_sdk_win_64/imt_sdk_win_64/winavr/bin/../lib/gcc/avr/4.3.3/avr5\libgcc.a(_copy_data.o)
 .text          0x00000092        0x0 m:/tools/01-imt sdk/01- imt sdk/imt_sdk_win_64/imt_sdk_win_64/winavr/bin/../lib/gcc/avr/4.3.3/avr5\libgcc.a(_clear_bss.o)
 .text          0x00000092       0x58 m:/tools/01-imt sdk/01- imt sdk/imt_sdk_win_64/imt_sdk_win_64/winavr/bin/../lib/gcc/avr/4.3.3/avr5\libgcc.a(_fixunssfsi.o)
                0x00000092                __fixunssfsi
 .text          0x000000ea      0x354 m:/tools/01-imt sdk/01- imt sdk/imt_sdk_win_64/imt_sdk_win_64/winavr/bin/../lib/gcc/avr/4.3.3/avr5\libgcc.a(_addsub_sf.o)
                0x00000382                __subsf3
                0x000003e4                __addsf3
 .text          0x0000043e      0x1f4 m:/tools/01-imt sdk/01- imt sdk/imt_sdk_win_64/imt_sdk_win_64/winavr/bin/../lib/gcc/avr/4.3.3/avr5\libgcc.a(_mul_sf.o)
                0x0000043e                __mulsf3
 .text          0x00000632      0x158 m:/tools/01-imt sdk/01- imt sdk/imt_sdk_win_64/imt_sdk_win_64/winavr/bin/../lib/gcc/avr/4.3.3/avr5\libgcc.a(_div_sf.o)
                0x00000632                __divsf3
 .text          0x0000078a       0x60 m:/tools/01-imt sdk/01- imt sdk/imt_sdk_win_64/imt_sdk_win_64/winavr/bin/../lib/gcc/avr/4.3.3/avr5\libgcc.a(_gt_sf.o)
                0x0000078a                __gtsf2
 .text          0x000007ea       0x60 m:/tools/01-imt sdk/01- imt sdk/imt_sdk_win_64/imt_sdk_win_64/winavr/bin/../lib/gcc/avr/4.3.3/avr5\libgcc.a(_ge_sf.o)
                0x000007ea                __gesf2
 .text          0x0000084a       0x60 m:/tools/01-imt sdk/01- imt sdk/imt_sdk_win_64/imt_sdk_win_64/winavr/bin/../lib/gcc/avr/4.3.3/avr5\libgcc.a(_lt_sf.o)
                0x0000084a                __ltsf2
 .text          0x000008aa       0xa8 m:/tools/01-imt sdk/01- imt sdk/imt_sdk_win_64/imt_sdk_win_64/winavr/bin/../lib/gcc/avr/4.3.3/avr5\libgcc.a(_sf_to_si.o)
                0x000008aa                __fixsfsi
 .text          0x00000952        0x0 m:/tools/01-imt sdk/01- imt sdk/imt_sdk_win_64/imt_sdk_win_64/winavr/bin/../lib/gcc/avr/4.3.3/avr5\libgcc.a(_thenan_sf.o)
 .text          0x00000952        0x0 m:/tools/01-imt sdk/01- imt sdk/imt_sdk_win_64/imt_sdk_win_64/winavr/bin/../lib/gcc/avr/4.3.3/avr5\libgcc.a(_udivmodsi4.o)
 .text          0x00000952        0x0 m:/tools/01-imt sdk/01- imt sdk/imt_sdk_win_64/imt_sdk_win_64/winavr/bin/../lib/gcc/avr/4.3.3/avr5\libgcc.a(_prologue.o)
 .text          0x00000952        0x0 m:/tools/01-imt sdk/01- imt sdk/imt_sdk_win_64/imt_sdk_win_64/winavr/bin/../lib/gcc/avr/4.3.3/avr5\libgcc.a(_epilogue.o)
 .text          0x00000952      0x1aa m:/tools/01-imt sdk/01- imt sdk/imt_sdk_win_64/imt_sdk_win_64/winavr/bin/../lib/gcc/avr/4.3.3/avr5\libgcc.a(_pack_sf.o)
                0x00000952                __pack_f
 .text          0x00000afc       0xf0 m:/tools/01-imt sdk/01- imt sdk/imt_sdk_win_64/imt_sdk_win_64/winavr/bin/../lib/gcc/avr/4.3.3/avr5\libgcc.a(_unpack_sf.o)
                0x00000afc                __unpack_f
 .text          0x00000bec       0xb2 m:/tools/01-imt sdk/01- imt sdk/imt_sdk_win_64/imt_sdk_win_64/winavr/bin/../lib/gcc/avr/4.3.3/avr5\libgcc.a(_fpcmp_parts_sf.o)
                0x00000bec                __fpcmp_parts_f
 .text          0x00000c9e        0x0 m:/tools/01-imt sdk/01- imt sdk/imt_sdk_win_64/imt_sdk_win_64/winavr/bin/../lib/gcc/avr/4.3.3/../../../../avr/lib/avr5\libc.a(memcpy.o)
 .text          0x00000c9e        0x0 m:/tools/01-imt sdk/01- imt sdk/imt_sdk_win_64/imt_sdk_win_64/winavr/bin/../lib/gcc/avr/4.3.3/../../../../avr/lib/avr5\libc.a(strncmp.o)
                0x00000c9e                . = ALIGN (0x2)
 *(.text.*)
 .text.UART_voidInit
                0x00000c9e       0xb4 ./MCAL/UART/UART_program.o
                0x00000c9e                UART_voidInit
 .text.UART_voidTransmitData
                0x00000d52       0x60 ./MCAL/UART/UART_program.o
                0x00000d52                UART_voidTransmitData
 .text.UART_voidReceiveData
                0x00000db2       0x1e ./MCAL/UART/UART_program.o
                0x00000db2                UART_voidReceiveData
 .text.UART_voidTransmitNumber
                0x00000dd0       0xa8 ./MCAL/UART/UART_program.o
                0x00000dd0                UART_voidTransmitNumber
 .text.UART_voidTransmitSrting
                0x00000e78       0x3c ./MCAL/UART/UART_program.o
                0x00000e78                UART_voidTransmitSrting
 .text.UART_viodReceiveString
                0x00000eb4       0x60 ./MCAL/UART/UART_program.o
                0x00000eb4                UART_viodReceiveString
 .text.Clear_UDR
                0x00000f14       0x14 ./MCAL/UART/UART_program.o
                0x00000f14                Clear_UDR
 .text.UART_voidReceiveDataASynchronous
                0x00000f28       0x32 ./MCAL/UART/UART_program.o
                0x00000f28                UART_voidReceiveDataASynchronous
 .text.vector_13
                0x00000f5a       0x74 ./MCAL/UART/UART_program.o
                0x00000f5a                vector_13
 .text.TWI_voidInitMaster
                0x00000fce       0x64 ./MCAL/TWI/TWI_program.o
                0x00000fce                TWI_voidInitMaster
 .text.TWI_voidInitSlave
                0x00001032       0x3a ./MCAL/TWI/TWI_program.o
                0x00001032                TWI_voidInitSlave
 .text.TWI_ErrorStatusSendStartConditionWithACK
                0x0000106c       0x62 ./MCAL/TWI/TWI_program.o
                0x0000106c                TWI_ErrorStatusSendStartConditionWithACK
 .text.TWI_ErrorStatusSendRepeatedStartConditionWithACK
                0x000010ce       0x46 ./MCAL/TWI/TWI_program.o
                0x000010ce                TWI_ErrorStatusSendRepeatedStartConditionWithACK
 .text.TWI_ErrorStatusSendSlaveAddressWithWriteACK
                0x00001114       0x76 ./MCAL/TWI/TWI_program.o
                0x00001114                TWI_ErrorStatusSendSlaveAddressWithWriteACK
 .text.TWI_ErrorStatusSendSlaveAddressWithReadACK
                0x0000118a       0x70 ./MCAL/TWI/TWI_program.o
                0x0000118a                TWI_ErrorStatusSendSlaveAddressWithReadACK
 .text.TWI_ErrorStatusMasterWriteDataByteWithACK
                0x000011fa       0x52 ./MCAL/TWI/TWI_program.o
                0x000011fa                TWI_ErrorStatusMasterWriteDataByteWithACK
 .text.TWI_ErrorStatusMasterReadDataByte
                0x0000124c       0x8c ./MCAL/TWI/TWI_program.o
                0x0000124c                TWI_ErrorStatusMasterReadDataByte
 .text.TWI_ErrorStatusMasterReadDataByteWithACK
                0x000012d8       0x5e ./MCAL/TWI/TWI_program.o
                0x000012d8                TWI_ErrorStatusMasterReadDataByteWithACK
 .text.TWI_voidSendStopCondition
                0x00001336       0x2a ./MCAL/TWI/TWI_program.o
                0x00001336                TWI_voidSendStopCondition
 .text.TIMER_voidTimer0Init
                0x00001360       0x62 ./MCAL/TIMER/TIMER_program.o
                0x00001360                TIMER_voidTimer0Init
 .text.TIMER_voiTimer0dSetPreloadValue
                0x000013c2       0x1c ./MCAL/TIMER/TIMER_program.o
                0x000013c2                TIMER_voiTimer0dSetPreloadValue
 .text.TIMER_voidTimer0SetOCRValue
                0x000013de       0x1c ./MCAL/TIMER/TIMER_program.o
                0x000013de                TIMER_voidTimer0SetOCRValue
 .text.TIMER_voidTimer0EnableInterrupt
                0x000013fa       0x56 ./MCAL/TIMER/TIMER_program.o
                0x000013fa                TIMER_voidTimer0EnableInterrupt
 .text.TIMER_voidTimer0DisableInterrupt
                0x00001450       0x56 ./MCAL/TIMER/TIMER_program.o
                0x00001450                TIMER_voidTimer0DisableInterrupt
 .text.TIMER_voidTimer0SetOVFCallBack
                0x000014a6       0x24 ./MCAL/TIMER/TIMER_program.o
                0x000014a6                TIMER_voidTimer0SetOVFCallBack
 .text.TIMER_voidTimer0SetCOMPFCallBack
                0x000014ca       0x24 ./MCAL/TIMER/TIMER_program.o
                0x000014ca                TIMER_voidTimer0SetCOMPFCallBack
 .text.__vector_10
                0x000014ee       0x66 ./MCAL/TIMER/TIMER_program.o
                0x000014ee                __vector_10
 .text.__vector_11
                0x00001554       0x66 ./MCAL/TIMER/TIMER_program.o
                0x00001554                __vector_11
 .text.TIMER_voidTimer1Init
                0x000015ba       0x7e ./MCAL/TIMER/TIMER_program.o
                0x000015ba                TIMER_voidTimer1Init
 .text.TIMER_voidTimer1SetPreloadValue
                0x00001638       0x24 ./MCAL/TIMER/TIMER_program.o
                0x00001638                TIMER_voidTimer1SetPreloadValue
 .text.TIMER_voidTimer1SetOCRAMatchValue
                0x0000165c       0x24 ./MCAL/TIMER/TIMER_program.o
                0x0000165c                TIMER_voidTimer1SetOCRAMatchValue
 .text.TIMER_voidTimer1SetOCRBMatchValue
                0x00001680       0x24 ./MCAL/TIMER/TIMER_program.o
                0x00001680                TIMER_voidTimer1SetOCRBMatchValue
 .text.TIMER_voidSetTopValue
                0x000016a4       0x24 ./MCAL/TIMER/TIMER_program.o
                0x000016a4                TIMER_voidSetTopValue
 .text.TIMER_voidTimer1EnableInterrupt
                0x000016c8       0x6e ./MCAL/TIMER/TIMER_program.o
                0x000016c8                TIMER_voidTimer1EnableInterrupt
 .text.TIMER_voidTimer1DisableInterrupt
                0x00001736       0x6e ./MCAL/TIMER/TIMER_program.o
                0x00001736                TIMER_voidTimer1DisableInterrupt
 .text.ICU_voidSenceModetrigger
                0x000017a4       0x56 ./MCAL/TIMER/TIMER_program.o
                0x000017a4                ICU_voidSenceModetrigger
 .text.ICU_voidControlInterrupt
                0x000017fa       0x56 ./MCAL/TIMER/TIMER_program.o
                0x000017fa                ICU_voidControlInterrupt
 .text.TIMER_voidTimer1SetOVFCallBack
                0x00001850       0x24 ./MCAL/TIMER/TIMER_program.o
                0x00001850                TIMER_voidTimer1SetOVFCallBack
 .text.TIMER_voidTimer1SetCOMPACallBack
                0x00001874       0x24 ./MCAL/TIMER/TIMER_program.o
                0x00001874                TIMER_voidTimer1SetCOMPACallBack
 .text.TIMER_voidTimer1SetCOMPBCallBack
                0x00001898       0x24 ./MCAL/TIMER/TIMER_program.o
                0x00001898                TIMER_voidTimer1SetCOMPBCallBack
 .text.ICU_voidCallBack
                0x000018bc       0x24 ./MCAL/TIMER/TIMER_program.o
                0x000018bc                ICU_voidCallBack
 .text.__vector_6
                0x000018e0       0x66 ./MCAL/TIMER/TIMER_program.o
                0x000018e0                __vector_6
 .text.__vector_7
                0x00001946       0x66 ./MCAL/TIMER/TIMER_program.o
                0x00001946                __vector_7
 .text.__vector_8
                0x000019ac       0x66 ./MCAL/TIMER/TIMER_program.o
                0x000019ac                __vector_8
 .text.__vector_9
                0x00001a12       0x66 ./MCAL/TIMER/TIMER_program.o
                0x00001a12                __vector_9
 .text.TIMER_GetValueTCNT1
                0x00001a78       0x16 ./MCAL/TIMER/TIMER_program.o
                0x00001a78                TIMER_GetValueTCNT1
 .text.TIMER_GetValueICR1
                0x00001a8e       0x16 ./MCAL/TIMER/TIMER_program.o
                0x00001a8e                TIMER_GetValueICR1
 .text.TIMER0_voidGetTCNT0Value
                0x00001aa4       0x14 ./MCAL/TIMER/TIMER_program.o
                0x00001aa4                TIMER0_voidGetTCNT0Value
 .text.TIMER_voidSetBusyWait_COMPMode
                0x00001ab8       0xc6 ./MCAL/TIMER/TIMER_program.o
                0x00001ab8                TIMER_voidSetBusyWait_COMPMode
 .text.SPI_voidInit
                0x00001b7e       0x54 ./MCAL/SPI/SPI_program.o
                0x00001b7e                SPI_voidInit
 .text.SPI_voidTranceive
                0x00001bd2       0x2c ./MCAL/SPI/SPI_program.o
                0x00001bd2                SPI_voidTranceive
 .text.SPI_voidSetCallback
                0x00001bfe       0x24 ./MCAL/SPI/SPI_program.o
                0x00001bfe                SPI_voidSetCallback
 .text.vector_12
                0x00001c22       0x74 ./MCAL/SPI/SPI_program.o
                0x00001c22                vector_12
 .text.GIE_voidEnableGlobalInterrupt
                0x00001c96       0x1c ./MCAL/GIE/GIE_program.o
                0x00001c96                GIE_voidEnableGlobalInterrupt
 .text.GIE_voidDisableGlobalInterrupt
                0x00001cb2       0x1c ./MCAL/GIE/GIE_program.o
                0x00001cb2                GIE_voidDisableGlobalInterrupt
 .text.EXTI_voidInit
                0x00001cce       0x54 ./MCAL/EXTI/EXTI_program.o
                0x00001cce                EXTI_voidInit
 .text.EXTI_voidChangeSenceMode
                0x00001d22      0x1fc ./MCAL/EXTI/EXTI_program.o
                0x00001d22                EXTI_voidChangeSenceMode
 .text.EXTI_voidInterruptContal
                0x00001f1e      0x10c ./MCAL/EXTI/EXTI_program.o
                0x00001f1e                EXTI_voidInterruptContal
 .text.EXTI_voidGetInterruptFlag
                0x0000202a       0x7a ./MCAL/EXTI/EXTI_program.o
                0x0000202a                EXTI_voidGetInterruptFlag
 .text.EXTI_voidSetCallBack
                0x000020a4       0x24 ./MCAL/EXTI/EXTI_program.o
                0x000020a4                EXTI_voidSetCallBack
 .text.__vector_1
                0x000020c8       0x66 ./MCAL/EXTI/EXTI_program.o
                0x000020c8                __vector_1
 .text.DIO_voidSetPinDirection
                0x0000212e      0x1fc ./MCAL/DIO/DIO_program.o
                0x0000212e                DIO_voidSetPinDirection
 .text.DIO_voidSetPinValue
                0x0000232a      0x1fc ./MCAL/DIO/DIO_program.o
                0x0000232a                DIO_voidSetPinValue
 .text.DIO_voidSetPinPullUp
                0x00002526      0x2dc ./MCAL/DIO/DIO_program.o
                0x00002526                DIO_voidSetPinPullUp
 .text.DIO_u8GetPinValue
                0x00002802      0x104 ./MCAL/DIO/DIO_program.o
                0x00002802                DIO_u8GetPinValue
 .text.DIO_voidSetPortSpecificDirection
                0x00002906       0x88 ./MCAL/DIO/DIO_program.o
                0x00002906                DIO_voidSetPortSpecificDirection
 .text.DIO_voidSetPortSpecificValue
                0x0000298e       0x88 ./MCAL/DIO/DIO_program.o
                0x0000298e                DIO_voidSetPortSpecificValue
 .text.DIO_voidSetPortDirection
                0x00002a16       0xe2 ./MCAL/DIO/DIO_program.o
                0x00002a16                DIO_voidSetPortDirection
 .text.DIO_voidSetPortValue
                0x00002af8       0xe2 ./MCAL/DIO/DIO_program.o
                0x00002af8                DIO_voidSetPortValue
 .text.DIO_u8GetPortValue
                0x00002bda       0xa4 ./MCAL/DIO/DIO_program.o
                0x00002bda                DIO_u8GetPortValue
 .text.DDIO_voidSetPortPullUp
                0x00002c7e       0x9e ./MCAL/DIO/DIO_program.o
                0x00002c7e                DDIO_voidSetPortPullUp
 .text.ADC_voidInit
                0x00002d1c       0x8a ./MCAL/ADC/ADC_program.o
                0x00002d1c                ADC_voidInit
 .text.ACD_voidStartConversionSynchronous
                0x00002da6       0x6a ./MCAL/ADC/ADC_program.o
                0x00002da6                ACD_voidStartConversionSynchronous
 .text.ADC_voidMapping
                0x00002e10       0x8e ./MCAL/ADC/ADC_program.o
                0x00002e10                ADC_voidMapping
 .text.ACD_voidStartConversionASynchronous
                0x00002e9e       0x64 ./MCAL/ADC/ADC_program.o
                0x00002e9e                ACD_voidStartConversionASynchronous
 .text.__vector_16
                0x00002f02       0x74 ./MCAL/ADC/ADC_program.o
                0x00002f02                __vector_16
 .text.ULTRA_voidInit
                0x00002f76       0x36 ./HAL/ULTRASONIC/ULTRA_program.o
                0x00002f76                ULTRA_voidInit
 .text.ULTR_u16Calculations
                0x00002fac      0x42c ./HAL/ULTRASONIC/ULTRA_program.o
                0x00002fac                ULTR_u16Calculations
 .text.SSD_voidDisplayNumbers
                0x000033d8       0x8e ./HAL/SSD/SSD_program.o
                0x000033d8                SSD_voidDisplayNumbers
 .text.SMD_voidInit
                0x00003466       0x16 ./HAL/SMD/SMD_program.o
                0x00003466                SMD_voidInit
 .text.SMD_voidContralFullStep
                0x0000347c      0x3c4 ./HAL/SMD/SMD_program.o
                0x0000347c                SMD_voidContralFullStep
 .text.SMD_voidContralHalfStep
                0x00003840      0x95a ./HAL/SMD/SMD_program.o
                0x00003840                SMD_voidContralHalfStep
 .text.SMD_voidStop
                0x0000419a       0x16 ./HAL/SMD/SMD_program.o
                0x0000419a                SMD_voidStop
 .text.LM35_voidInit
                0x000041b0       0x1c ./HAL/LM35/LM35_program.o
                0x000041b0                LM35_voidInit
 .text.LM35_u8GetTempratureSynchronous
                0x000041cc       0x60 ./HAL/LM35/LM35_program.o
                0x000041cc                LM35_u8GetTempratureSynchronous
 .text.LM35_u8GetTempratureASynchronous
                0x0000422c       0x62 ./HAL/LM35/LM35_program.o
                0x0000422c                LM35_u8GetTempratureASynchronous
 .text.LM35_ASynchronous
                0x0000428e       0x1e ./HAL/LM35/LM35_program.o
                0x0000428e                LM35_ASynchronous
 .text.voidSendCommand
                0x000042ac      0x146 ./HAL/LCD/LCD_program.o
 .text.LCD_voidSendData
                0x000043f2      0x146 ./HAL/LCD/LCD_program.o
                0x000043f2                LCD_voidSendData
 .text.LCD_voidSendNumber
                0x00004538       0xa4 ./HAL/LCD/LCD_program.o
                0x00004538                LCD_voidSendNumber
 .text.LCD_voidGotoXY
                0x000045dc       0x42 ./HAL/LCD/LCD_program.o
                0x000045dc                LCD_voidGotoXY
 .text.LCD_voidSendSrting
                0x0000461e       0x52 ./HAL/LCD/LCD_program.o
                0x0000461e                LCD_voidSendSrting
 .text.LCD_voidSendCustomCharacter
                0x00004670       0x86 ./HAL/LCD/LCD_program.o
                0x00004670                LCD_voidSendCustomCharacter
 .text.LCD_voidInit
                0x000046f6      0x11c ./HAL/LCD/LCD_program.o
                0x000046f6                LCD_voidInit
 .text.LCD_voidClearDisplay
                0x00004812       0x14 ./HAL/LCD/LCD_program.o
                0x00004812                LCD_voidClearDisplay
 .text.LCD_voidInitPins
                0x00004826       0x1e ./HAL/LCD/LCD_program.o
                0x00004826                LCD_voidInitPins
 .text.KPD_voidInit
                0x00004844       0x84 ./HAL/KPD/KPD_program.o
                0x00004844                KPD_voidInit
 .text.KPD_u8GetPressKey
                0x000048c8       0xe6 ./HAL/KPD/KPD_program.o
                0x000048c8                KPD_u8GetPressKey
 .text.voidDeactivateColumns
                0x000049ae       0x3c ./HAL/KPD/KPD_program.o
 .text.EEPROM_voidSendDataByte
                0x000049ea      0x136 ./HAL/EEPROM/EEPROM_program.o
                0x000049ea                EEPROM_voidSendDataByte
 .text.EEPROM_u8ReadDataByte
                0x00004b20       0x52 ./HAL/EEPROM/EEPROM_program.o
                0x00004b20                EEPROM_u8ReadDataByte
 .text.EEPROM_u8ReadDataByteSequance
                0x00004b72       0xc4 ./HAL/EEPROM/EEPROM_program.o
                0x00004b72                EEPROM_u8ReadDataByteSequance
 .text.main     0x00004c36      0x4ec ./APP/main.o
                0x00004c36                main
 .text.Contacts
                0x00005122      0x10a ./APP/main.o
                0x00005122                Contacts
 .text.System   0x0000522c       0x6a ./APP/main.o
                0x0000522c                System
 .text.libgcc   0x00005296       0x3e m:/tools/01-imt sdk/01- imt sdk/imt_sdk_win_64/imt_sdk_win_64/winavr/bin/../lib/gcc/avr/4.3.3/avr5\libgcc.a(_mulsi3.o)
                0x00005296                __mulsi3
 .text.libgcc   0x000052d4       0x28 m:/tools/01-imt sdk/01- imt sdk/imt_sdk_win_64/imt_sdk_win_64/winavr/bin/../lib/gcc/avr/4.3.3/avr5\libgcc.a(_udivmodhi4.o)
                0x000052d4                __udivmodhi4
 .text.libgcc   0x000052fc       0x36 m:/tools/01-imt sdk/01- imt sdk/imt_sdk_win_64/imt_sdk_win_64/winavr/bin/../lib/gcc/avr/4.3.3/avr5\libgcc.a(_divmodsi4.o)
                0x000052fc                __divmodsi4
 .text.libgcc   0x00005332        0x0 m:/tools/01-imt sdk/01- imt sdk/imt_sdk_win_64/imt_sdk_win_64/winavr/bin/../lib/gcc/avr/4.3.3/avr5\libgcc.a(_exit.o)
 .text.libgcc   0x00005332        0x0 m:/tools/01-imt sdk/01- imt sdk/imt_sdk_win_64/imt_sdk_win_64/winavr/bin/../lib/gcc/avr/4.3.3/avr5\libgcc.a(_copy_data.o)
 .text.libgcc   0x00005332        0x0 m:/tools/01-imt sdk/01- imt sdk/imt_sdk_win_64/imt_sdk_win_64/winavr/bin/../lib/gcc/avr/4.3.3/avr5\libgcc.a(_clear_bss.o)
 .text.libgcc   0x00005332       0x44 m:/tools/01-imt sdk/01- imt sdk/imt_sdk_win_64/imt_sdk_win_64/winavr/bin/../lib/gcc/avr/4.3.3/avr5\libgcc.a(_udivmodsi4.o)
                0x00005332                __udivmodsi4
 .text.libgcc   0x00005376       0x38 m:/tools/01-imt sdk/01- imt sdk/imt_sdk_win_64/imt_sdk_win_64/winavr/bin/../lib/gcc/avr/4.3.3/avr5\libgcc.a(_prologue.o)
                0x00005376                __prologue_saves__
 .text.libgcc   0x000053ae       0x36 m:/tools/01-imt sdk/01- imt sdk/imt_sdk_win_64/imt_sdk_win_64/winavr/bin/../lib/gcc/avr/4.3.3/avr5\libgcc.a(_epilogue.o)
                0x000053ae                __epilogue_restores__
 .text.avr-libc
                0x000053e4       0x12 m:/tools/01-imt sdk/01- imt sdk/imt_sdk_win_64/imt_sdk_win_64/winavr/bin/../lib/gcc/avr/4.3.3/../../../../avr/lib/avr5\libc.a(memcpy.o)
                0x000053e4                memcpy
 .text.avr-libc
                0x000053f6       0x1c m:/tools/01-imt sdk/01- imt sdk/imt_sdk_win_64/imt_sdk_win_64/winavr/bin/../lib/gcc/avr/4.3.3/../../../../avr/lib/avr5\libc.a(strncmp.o)
                0x000053f6                strncmp
                0x00005412                . = ALIGN (0x2)
 *(.fini9)
 .fini9         0x00005412        0x0 m:/tools/01-imt sdk/01- imt sdk/imt_sdk_win_64/imt_sdk_win_64/winavr/bin/../lib/gcc/avr/4.3.3/avr5\libgcc.a(_exit.o)
                0x00005412                exit
                0x00005412                _exit
 *(.fini9)
 *(.fini8)
 *(.fini8)
 *(.fini7)
 *(.fini7)
 *(.fini6)
 *(.fini6)
 *(.fini5)
 *(.fini5)
 *(.fini4)
 *(.fini4)
 *(.fini3)
 *(.fini3)
 *(.fini2)
 *(.fini2)
 *(.fini1)
 *(.fini1)
 *(.fini0)
 .fini0         0x00005412        0x4 m:/tools/01-imt sdk/01- imt sdk/imt_sdk_win_64/imt_sdk_win_64/winavr/bin/../lib/gcc/avr/4.3.3/avr5\libgcc.a(_exit.o)
 *(.fini0)
                0x00005416                _etext = .

.data           0x00800060      0x186 load address 0x00005416
                0x00800060                PROVIDE (__data_start, .)
 *(.data)
 .data          0x00800060        0x0 m:/tools/01-imt sdk/01- imt sdk/imt_sdk_win_64/imt_sdk_win_64/winavr/bin/../lib/gcc/avr/4.3.3/../../../../avr/lib/avr5/crtm32.o
 .data          0x00800060        0x0 ./MCAL/UART/UART_program.o
 .data          0x00800060        0x0 ./MCAL/TWI/TWI_program.o
 .data          0x00800060        0x0 ./MCAL/TIMER/TIMER_program.o
 .data          0x00800060        0x0 ./MCAL/SPI/SPI_program.o
 .data          0x00800060        0x0 ./MCAL/GIE/GIE_program.o
 .data          0x00800060        0x0 ./MCAL/EXTI/EXTI_program.o
 .data          0x00800060        0x0 ./MCAL/DIO/DIO_program.o
 .data          0x00800060        0x0 ./MCAL/ADC/ADC_program.o
 .data          0x00800060        0x0 ./HAL/ULTRASONIC/ULTRA_program.o
 .data          0x00800060        0x0 ./HAL/SSD/SSD_program.o
 .data          0x00800060        0x0 ./HAL/SMD/SMD_program.o
 .data          0x00800060        0x0 ./HAL/LM35/LM35_program.o
 .data          0x00800060        0x0 ./HAL/LCD/LCD_program.o
 .data          0x00800060        0x0 ./HAL/KPD/KPD_program.o
 .data          0x00800060        0x0 ./HAL/EEPROM/EEPROM_program.o
 .data          0x00800060      0x159 ./APP/main.o
 .data          0x008001b9        0x0 m:/tools/01-imt sdk/01- imt sdk/imt_sdk_win_64/imt_sdk_win_64/winavr/bin/../lib/gcc/avr/4.3.3/avr5\libgcc.a(_mulsi3.o)
 .data          0x008001b9        0x0 m:/tools/01-imt sdk/01- imt sdk/imt_sdk_win_64/imt_sdk_win_64/winavr/bin/../lib/gcc/avr/4.3.3/avr5\libgcc.a(_udivmodhi4.o)
 .data          0x008001b9        0x0 m:/tools/01-imt sdk/01- imt sdk/imt_sdk_win_64/imt_sdk_win_64/winavr/bin/../lib/gcc/avr/4.3.3/avr5\libgcc.a(_divmodsi4.o)
 .data          0x008001b9        0x0 m:/tools/01-imt sdk/01- imt sdk/imt_sdk_win_64/imt_sdk_win_64/winavr/bin/../lib/gcc/avr/4.3.3/avr5\libgcc.a(_exit.o)
 .data          0x008001b9        0x0 m:/tools/01-imt sdk/01- imt sdk/imt_sdk_win_64/imt_sdk_win_64/winavr/bin/../lib/gcc/avr/4.3.3/avr5\libgcc.a(_copy_data.o)
 .data          0x008001b9        0x0 m:/tools/01-imt sdk/01- imt sdk/imt_sdk_win_64/imt_sdk_win_64/winavr/bin/../lib/gcc/avr/4.3.3/avr5\libgcc.a(_clear_bss.o)
 .data          0x008001b9        0x0 m:/tools/01-imt sdk/01- imt sdk/imt_sdk_win_64/imt_sdk_win_64/winavr/bin/../lib/gcc/avr/4.3.3/avr5\libgcc.a(_fixunssfsi.o)
 .data          0x008001b9        0x0 m:/tools/01-imt sdk/01- imt sdk/imt_sdk_win_64/imt_sdk_win_64/winavr/bin/../lib/gcc/avr/4.3.3/avr5\libgcc.a(_addsub_sf.o)
 .data          0x008001b9        0x0 m:/tools/01-imt sdk/01- imt sdk/imt_sdk_win_64/imt_sdk_win_64/winavr/bin/../lib/gcc/avr/4.3.3/avr5\libgcc.a(_mul_sf.o)
 .data          0x008001b9        0x0 m:/tools/01-imt sdk/01- imt sdk/imt_sdk_win_64/imt_sdk_win_64/winavr/bin/../lib/gcc/avr/4.3.3/avr5\libgcc.a(_div_sf.o)
 .data          0x008001b9        0x0 m:/tools/01-imt sdk/01- imt sdk/imt_sdk_win_64/imt_sdk_win_64/winavr/bin/../lib/gcc/avr/4.3.3/avr5\libgcc.a(_gt_sf.o)
 .data          0x008001b9        0x0 m:/tools/01-imt sdk/01- imt sdk/imt_sdk_win_64/imt_sdk_win_64/winavr/bin/../lib/gcc/avr/4.3.3/avr5\libgcc.a(_ge_sf.o)
 .data          0x008001b9        0x0 m:/tools/01-imt sdk/01- imt sdk/imt_sdk_win_64/imt_sdk_win_64/winavr/bin/../lib/gcc/avr/4.3.3/avr5\libgcc.a(_lt_sf.o)
 .data          0x008001b9        0x0 m:/tools/01-imt sdk/01- imt sdk/imt_sdk_win_64/imt_sdk_win_64/winavr/bin/../lib/gcc/avr/4.3.3/avr5\libgcc.a(_sf_to_si.o)
 .data          0x008001b9        0x8 m:/tools/01-imt sdk/01- imt sdk/imt_sdk_win_64/imt_sdk_win_64/winavr/bin/../lib/gcc/avr/4.3.3/avr5\libgcc.a(_thenan_sf.o)
                0x008001b9                __thenan_sf
 .data          0x008001c1        0x0 m:/tools/01-imt sdk/01- imt sdk/imt_sdk_win_64/imt_sdk_win_64/winavr/bin/../lib/gcc/avr/4.3.3/avr5\libgcc.a(_udivmodsi4.o)
 .data          0x008001c1        0x0 m:/tools/01-imt sdk/01- imt sdk/imt_sdk_win_64/imt_sdk_win_64/winavr/bin/../lib/gcc/avr/4.3.3/avr5\libgcc.a(_prologue.o)
 .data          0x008001c1        0x0 m:/tools/01-imt sdk/01- imt sdk/imt_sdk_win_64/imt_sdk_win_64/winavr/bin/../lib/gcc/avr/4.3.3/avr5\libgcc.a(_epilogue.o)
 .data          0x008001c1        0x0 m:/tools/01-imt sdk/01- imt sdk/imt_sdk_win_64/imt_sdk_win_64/winavr/bin/../lib/gcc/avr/4.3.3/avr5\libgcc.a(_pack_sf.o)
 .data          0x008001c1        0x0 m:/tools/01-imt sdk/01- imt sdk/imt_sdk_win_64/imt_sdk_win_64/winavr/bin/../lib/gcc/avr/4.3.3/avr5\libgcc.a(_unpack_sf.o)
 .data          0x008001c1        0x0 m:/tools/01-imt sdk/01- imt sdk/imt_sdk_win_64/imt_sdk_win_64/winavr/bin/../lib/gcc/avr/4.3.3/avr5\libgcc.a(_fpcmp_parts_sf.o)
 .data          0x008001c1        0x0 m:/tools/01-imt sdk/01- imt sdk/imt_sdk_win_64/imt_sdk_win_64/winavr/bin/../lib/gcc/avr/4.3.3/../../../../avr/lib/avr5\libc.a(memcpy.o)
 .data          0x008001c1        0x0 m:/tools/01-imt sdk/01- imt sdk/imt_sdk_win_64/imt_sdk_win_64/winavr/bin/../lib/gcc/avr/4.3.3/../../../../avr/lib/avr5\libc.a(strncmp.o)
 *(.data*)
 .data.Global_u8ArrayStoreNumbers
                0x008001c1        0xa ./HAL/SSD/SSD_program.o
                0x008001c1                Global_u8ArrayStoreNumbers
 .data.StepSize
                0x008001cb        0x1 ./HAL/LM35/LM35_program.o
 .data.TempValue
                0x008001cc        0x1 ./HAL/LM35/LM35_program.o
                0x008001cc                TempValue
 .data.u8RowsArray
                0x008001cd        0x4 ./HAL/KPD/KPD_program.o
 .data.u8ColsArray
                0x008001d1        0x4 ./HAL/KPD/KPD_program.o
 .data.Local_u8ButtonsArray.1245
                0x008001d5       0x10 ./HAL/KPD/KPD_program.o
 *(.rodata)
 *(.rodata*)
 *(.gnu.linkonce.d*)
                0x008001e6                . = ALIGN (0x2)
 *fill*         0x008001e5        0x1 00
                0x008001e6                _edata = .
                0x008001e6                PROVIDE (__data_end, .)

.bss            0x008001e6      0x141
                0x008001e6                PROVIDE (__bss_start, .)
 *(.bss)
 .bss           0x008001e6        0x0 m:/tools/01-imt sdk/01- imt sdk/imt_sdk_win_64/imt_sdk_win_64/winavr/bin/../lib/gcc/avr/4.3.3/../../../../avr/lib/avr5/crtm32.o
 .bss           0x008001e6        0x0 ./MCAL/UART/UART_program.o
 .bss           0x008001e6        0x0 ./MCAL/TWI/TWI_program.o
 .bss           0x008001e6        0x0 ./MCAL/TIMER/TIMER_program.o
 .bss           0x008001e6        0x0 ./MCAL/SPI/SPI_program.o
 .bss           0x008001e6        0x0 ./MCAL/GIE/GIE_program.o
 .bss           0x008001e6        0x0 ./MCAL/EXTI/EXTI_program.o
 .bss           0x008001e6        0x0 ./MCAL/DIO/DIO_program.o
 .bss           0x008001e6        0x0 ./MCAL/ADC/ADC_program.o
 .bss           0x008001e6        0x0 ./HAL/ULTRASONIC/ULTRA_program.o
 .bss           0x008001e6        0x0 ./HAL/SSD/SSD_program.o
 .bss           0x008001e6        0x0 ./HAL/SMD/SMD_program.o
 .bss           0x008001e6        0x0 ./HAL/LM35/LM35_program.o
 .bss           0x008001e6        0x0 ./HAL/LCD/LCD_program.o
 .bss           0x008001e6        0x0 ./HAL/KPD/KPD_program.o
 .bss           0x008001e6        0x0 ./HAL/EEPROM/EEPROM_program.o
 .bss           0x008001e6        0x0 ./APP/main.o
 .bss           0x008001e6        0x0 m:/tools/01-imt sdk/01- imt sdk/imt_sdk_win_64/imt_sdk_win_64/winavr/bin/../lib/gcc/avr/4.3.3/avr5\libgcc.a(_mulsi3.o)
 .bss           0x008001e6        0x0 m:/tools/01-imt sdk/01- imt sdk/imt_sdk_win_64/imt_sdk_win_64/winavr/bin/../lib/gcc/avr/4.3.3/avr5\libgcc.a(_udivmodhi4.o)
 .bss           0x008001e6        0x0 m:/tools/01-imt sdk/01- imt sdk/imt_sdk_win_64/imt_sdk_win_64/winavr/bin/../lib/gcc/avr/4.3.3/avr5\libgcc.a(_divmodsi4.o)
 .bss           0x008001e6        0x0 m:/tools/01-imt sdk/01- imt sdk/imt_sdk_win_64/imt_sdk_win_64/winavr/bin/../lib/gcc/avr/4.3.3/avr5\libgcc.a(_exit.o)
 .bss           0x008001e6        0x0 m:/tools/01-imt sdk/01- imt sdk/imt_sdk_win_64/imt_sdk_win_64/winavr/bin/../lib/gcc/avr/4.3.3/avr5\libgcc.a(_copy_data.o)
 .bss           0x008001e6        0x0 m:/tools/01-imt sdk/01- imt sdk/imt_sdk_win_64/imt_sdk_win_64/winavr/bin/../lib/gcc/avr/4.3.3/avr5\libgcc.a(_clear_bss.o)
 .bss           0x008001e6        0x0 m:/tools/01-imt sdk/01- imt sdk/imt_sdk_win_64/imt_sdk_win_64/winavr/bin/../lib/gcc/avr/4.3.3/avr5\libgcc.a(_fixunssfsi.o)
 .bss           0x008001e6        0x0 m:/tools/01-imt sdk/01- imt sdk/imt_sdk_win_64/imt_sdk_win_64/winavr/bin/../lib/gcc/avr/4.3.3/avr5\libgcc.a(_addsub_sf.o)
 .bss           0x008001e6        0x0 m:/tools/01-imt sdk/01- imt sdk/imt_sdk_win_64/imt_sdk_win_64/winavr/bin/../lib/gcc/avr/4.3.3/avr5\libgcc.a(_mul_sf.o)
 .bss           0x008001e6        0x0 m:/tools/01-imt sdk/01- imt sdk/imt_sdk_win_64/imt_sdk_win_64/winavr/bin/../lib/gcc/avr/4.3.3/avr5\libgcc.a(_div_sf.o)
 .bss           0x008001e6        0x0 m:/tools/01-imt sdk/01- imt sdk/imt_sdk_win_64/imt_sdk_win_64/winavr/bin/../lib/gcc/avr/4.3.3/avr5\libgcc.a(_gt_sf.o)
 .bss           0x008001e6        0x0 m:/tools/01-imt sdk/01- imt sdk/imt_sdk_win_64/imt_sdk_win_64/winavr/bin/../lib/gcc/avr/4.3.3/avr5\libgcc.a(_ge_sf.o)
 .bss           0x008001e6        0x0 m:/tools/01-imt sdk/01- imt sdk/imt_sdk_win_64/imt_sdk_win_64/winavr/bin/../lib/gcc/avr/4.3.3/avr5\libgcc.a(_lt_sf.o)
 .bss           0x008001e6        0x0 m:/tools/01-imt sdk/01- imt sdk/imt_sdk_win_64/imt_sdk_win_64/winavr/bin/../lib/gcc/avr/4.3.3/avr5\libgcc.a(_sf_to_si.o)
 .bss           0x008001e6        0x0 m:/tools/01-imt sdk/01- imt sdk/imt_sdk_win_64/imt_sdk_win_64/winavr/bin/../lib/gcc/avr/4.3.3/avr5\libgcc.a(_thenan_sf.o)
 .bss           0x008001e6        0x0 m:/tools/01-imt sdk/01- imt sdk/imt_sdk_win_64/imt_sdk_win_64/winavr/bin/../lib/gcc/avr/4.3.3/avr5\libgcc.a(_udivmodsi4.o)
 .bss           0x008001e6        0x0 m:/tools/01-imt sdk/01- imt sdk/imt_sdk_win_64/imt_sdk_win_64/winavr/bin/../lib/gcc/avr/4.3.3/avr5\libgcc.a(_prologue.o)
 .bss           0x008001e6        0x0 m:/tools/01-imt sdk/01- imt sdk/imt_sdk_win_64/imt_sdk_win_64/winavr/bin/../lib/gcc/avr/4.3.3/avr5\libgcc.a(_epilogue.o)
 .bss           0x008001e6        0x0 m:/tools/01-imt sdk/01- imt sdk/imt_sdk_win_64/imt_sdk_win_64/winavr/bin/../lib/gcc/avr/4.3.3/avr5\libgcc.a(_pack_sf.o)
 .bss           0x008001e6        0x0 m:/tools/01-imt sdk/01- imt sdk/imt_sdk_win_64/imt_sdk_win_64/winavr/bin/../lib/gcc/avr/4.3.3/avr5\libgcc.a(_unpack_sf.o)
 .bss           0x008001e6        0x0 m:/tools/01-imt sdk/01- imt sdk/imt_sdk_win_64/imt_sdk_win_64/winavr/bin/../lib/gcc/avr/4.3.3/avr5\libgcc.a(_fpcmp_parts_sf.o)
 .bss           0x008001e6        0x0 m:/tools/01-imt sdk/01- imt sdk/imt_sdk_win_64/imt_sdk_win_64/winavr/bin/../lib/gcc/avr/4.3.3/../../../../avr/lib/avr5\libc.a(memcpy.o)
 .bss           0x008001e6        0x0 m:/tools/01-imt sdk/01- imt sdk/imt_sdk_win_64/imt_sdk_win_64/winavr/bin/../lib/gcc/avr/4.3.3/../../../../avr/lib/avr5\libc.a(strncmp.o)
 *(.bss*)
 .bss.TransmitedData
                0x008001e6        0x1 ./MCAL/UART/UART_program.o
                0x008001e6                TransmitedData
 .bss.UART_NotificationFunction
                0x008001e7        0x2 ./MCAL/UART/UART_program.o
                0x008001e7                UART_NotificationFunction
 .bss.UART_u8Data
                0x008001e9        0x1 ./MCAL/UART/UART_program.o
                0x008001e9                UART_u8Data
 .bss.TIMER0_OVFNotification
                0x008001ea        0x2 ./MCAL/TIMER/TIMER_program.o
 .bss.TIMER0_COMPNotification
                0x008001ec        0x2 ./MCAL/TIMER/TIMER_program.o
 .bss.TIMER1_OVFNotification
                0x008001ee        0x2 ./MCAL/TIMER/TIMER_program.o
 .bss.TIMER1_COMPANotification
                0x008001f0        0x2 ./MCAL/TIMER/TIMER_program.o
 .bss.TIMER1_COMPBNotification
                0x008001f2        0x2 ./MCAL/TIMER/TIMER_program.o
 .bss.ICU_Notification
                0x008001f4        0x2 ./MCAL/TIMER/TIMER_program.o
 .bss.SPI_Notification
                0x008001f6        0x2 ./MCAL/SPI/SPI_program.o
                0x008001f6                SPI_Notification
 .bss.SPI_u8StoreData
                0x008001f8        0x1 ./MCAL/SPI/SPI_program.o
                0x008001f8                SPI_u8StoreData
 .bss.EXTI_INT0_Function
                0x008001f9        0x2 ./MCAL/EXTI/EXTI_program.o
 .bss.ADC_NotificationFunction
                0x008001fb        0x2 ./MCAL/ADC/ADC_program.o
                0x008001fb                ADC_NotificationFunction
 .bss.ADC_u8Result
                0x008001fd        0x1 ./MCAL/ADC/ADC_program.o
                0x008001fd                ADC_u8Result
 .bss.StrideAngle_OneStep
                0x008001fe        0x1 ./HAL/SMD/SMD_program.o
 .bss.Local_u16TurnsNumber
                0x008001ff        0x2 ./HAL/SMD/SMD_program.o
                0x008001ff                Local_u16TurnsNumber
 *(COMMON)
 COMMON         0x00800201      0x126 ./APP/main.o
                0x00800201                Clints
                0x00800327                PROVIDE (__bss_end, .)
                0x00005416                __data_load_start = LOADADDR (.data)
                0x0000559c                __data_load_end = (__data_load_start + SIZEOF (.data))

.noinit         0x00800327        0x0
                0x00800327                PROVIDE (__noinit_start, .)
 *(.noinit*)
                0x00800327                PROVIDE (__noinit_end, .)
                0x00800327                _end = .
                0x00800327                PROVIDE (__heap_start, .)

.eeprom         0x00810000        0x0
 *(.eeprom*)
                0x00810000                __eeprom_end = .

.fuse
 *(.fuse)
 *(.lfuse)
 *(.hfuse)
 *(.efuse)

.lock
 *(.lock*)

.signature
 *(.signature*)

.stab           0x00000000     0x6384
 *(.stab)
 .stab          0x00000000      0x60c ./MCAL/UART/UART_program.o
 .stab          0x0000060c      0x7bc ./MCAL/TWI/TWI_program.o
                                0x7c8 (size before relaxing)
 .stab          0x00000dc8      0xa8c ./MCAL/TIMER/TIMER_program.o
                                0xa98 (size before relaxing)
 .stab          0x00001854      0x2b8 ./MCAL/SPI/SPI_program.o
                                0x2c4 (size before relaxing)
 .stab          0x00001b0c      0x1c8 ./MCAL/GIE/GIE_program.o
                                0x1d4 (size before relaxing)
 .stab          0x00001cd4      0x4e0 ./MCAL/EXTI/EXTI_program.o
                                0x4ec (size before relaxing)
 .stab          0x000021b4      0xa44 ./MCAL/DIO/DIO_program.o
                                0xa50 (size before relaxing)
 .stab          0x00002bf8      0x414 ./MCAL/ADC/ADC_program.o
                                0x420 (size before relaxing)
 .stab          0x0000300c      0x744 ./HAL/ULTRASONIC/ULTRA_program.o
                                0x750 (size before relaxing)
 .stab          0x00003750      0x1f8 ./HAL/SSD/SSD_program.o
                                0x204 (size before relaxing)
 .stab          0x00003948      0xc54 ./HAL/SMD/SMD_program.o
                                0xdec (size before relaxing)
 .stab          0x0000459c      0x33c ./HAL/LM35/LM35_program.o
                                0x348 (size before relaxing)
 .stab          0x000048d8      0x84c ./HAL/LCD/LCD_program.o
                                0x9e4 (size before relaxing)
 .stab          0x00005124      0x3cc ./HAL/KPD/KPD_program.o
                                0x3d8 (size before relaxing)
 .stab          0x000054f0      0x504 ./HAL/EEPROM/EEPROM_program.o
                                0x69c (size before relaxing)
 .stab          0x000059f4      0x990 ./APP/main.o
                                0xb28 (size before relaxing)

.stabstr        0x00000000     0x29ea
 *(.stabstr)
 .stabstr       0x00000000     0x29ea ./MCAL/UART/UART_program.o

.stab.excl
 *(.stab.excl)

.stab.exclstr
 *(.stab.exclstr)

.stab.index
 *(.stab.index)

.stab.indexstr
 *(.stab.indexstr)

.comment
 *(.comment)

.debug
 *(.debug)

.line
 *(.line)

.debug_srcinfo
 *(.debug_srcinfo)

.debug_sfnames
 *(.debug_sfnames)

.debug_aranges  0x00000000      0x160
 *(.debug_aranges)
 .debug_aranges
                0x00000000       0x20 m:/tools/01-imt sdk/01- imt sdk/imt_sdk_win_64/imt_sdk_win_64/winavr/bin/../lib/gcc/avr/4.3.3/avr5\libgcc.a(_fixunssfsi.o)
 .debug_aranges
                0x00000020       0x20 m:/tools/01-imt sdk/01- imt sdk/imt_sdk_win_64/imt_sdk_win_64/winavr/bin/../lib/gcc/avr/4.3.3/avr5\libgcc.a(_addsub_sf.o)
 .debug_aranges
                0x00000040       0x20 m:/tools/01-imt sdk/01- imt sdk/imt_sdk_win_64/imt_sdk_win_64/winavr/bin/../lib/gcc/avr/4.3.3/avr5\libgcc.a(_mul_sf.o)
 .debug_aranges
                0x00000060       0x20 m:/tools/01-imt sdk/01- imt sdk/imt_sdk_win_64/imt_sdk_win_64/winavr/bin/../lib/gcc/avr/4.3.3/avr5\libgcc.a(_div_sf.o)
 .debug_aranges
                0x00000080       0x20 m:/tools/01-imt sdk/01- imt sdk/imt_sdk_win_64/imt_sdk_win_64/winavr/bin/../lib/gcc/avr/4.3.3/avr5\libgcc.a(_gt_sf.o)
 .debug_aranges
                0x000000a0       0x20 m:/tools/01-imt sdk/01- imt sdk/imt_sdk_win_64/imt_sdk_win_64/winavr/bin/../lib/gcc/avr/4.3.3/avr5\libgcc.a(_ge_sf.o)
 .debug_aranges
                0x000000c0       0x20 m:/tools/01-imt sdk/01- imt sdk/imt_sdk_win_64/imt_sdk_win_64/winavr/bin/../lib/gcc/avr/4.3.3/avr5\libgcc.a(_lt_sf.o)
 .debug_aranges
                0x000000e0       0x20 m:/tools/01-imt sdk/01- imt sdk/imt_sdk_win_64/imt_sdk_win_64/winavr/bin/../lib/gcc/avr/4.3.3/avr5\libgcc.a(_sf_to_si.o)
 .debug_aranges
                0x00000100       0x20 m:/tools/01-imt sdk/01- imt sdk/imt_sdk_win_64/imt_sdk_win_64/winavr/bin/../lib/gcc/avr/4.3.3/avr5\libgcc.a(_pack_sf.o)
 .debug_aranges
                0x00000120       0x20 m:/tools/01-imt sdk/01- imt sdk/imt_sdk_win_64/imt_sdk_win_64/winavr/bin/../lib/gcc/avr/4.3.3/avr5\libgcc.a(_unpack_sf.o)
 .debug_aranges
                0x00000140       0x20 m:/tools/01-imt sdk/01- imt sdk/imt_sdk_win_64/imt_sdk_win_64/winavr/bin/../lib/gcc/avr/4.3.3/avr5\libgcc.a(_fpcmp_parts_sf.o)

.debug_pubnames
                0x00000000      0x18f
 *(.debug_pubnames)
 .debug_pubnames
                0x00000000       0x23 m:/tools/01-imt sdk/01- imt sdk/imt_sdk_win_64/imt_sdk_win_64/winavr/bin/../lib/gcc/avr/4.3.3/avr5\libgcc.a(_fixunssfsi.o)
 .debug_pubnames
                0x00000023       0x2c m:/tools/01-imt sdk/01- imt sdk/imt_sdk_win_64/imt_sdk_win_64/winavr/bin/../lib/gcc/avr/4.3.3/avr5\libgcc.a(_addsub_sf.o)
 .debug_pubnames
                0x0000004f       0x1f m:/tools/01-imt sdk/01- imt sdk/imt_sdk_win_64/imt_sdk_win_64/winavr/bin/../lib/gcc/avr/4.3.3/avr5\libgcc.a(_mul_sf.o)
 .debug_pubnames
                0x0000006e       0x1f m:/tools/01-imt sdk/01- imt sdk/imt_sdk_win_64/imt_sdk_win_64/winavr/bin/../lib/gcc/avr/4.3.3/avr5\libgcc.a(_div_sf.o)
 .debug_pubnames
                0x0000008d       0x1e m:/tools/01-imt sdk/01- imt sdk/imt_sdk_win_64/imt_sdk_win_64/winavr/bin/../lib/gcc/avr/4.3.3/avr5\libgcc.a(_gt_sf.o)
 .debug_pubnames
                0x000000ab       0x1e m:/tools/01-imt sdk/01- imt sdk/imt_sdk_win_64/imt_sdk_win_64/winavr/bin/../lib/gcc/avr/4.3.3/avr5\libgcc.a(_ge_sf.o)
 .debug_pubnames
                0x000000c9       0x1e m:/tools/01-imt sdk/01- imt sdk/imt_sdk_win_64/imt_sdk_win_64/winavr/bin/../lib/gcc/avr/4.3.3/avr5\libgcc.a(_lt_sf.o)
 .debug_pubnames
                0x000000e7       0x20 m:/tools/01-imt sdk/01- imt sdk/imt_sdk_win_64/imt_sdk_win_64/winavr/bin/../lib/gcc/avr/4.3.3/avr5\libgcc.a(_sf_to_si.o)
 .debug_pubnames
                0x00000107       0x22 m:/tools/01-imt sdk/01- imt sdk/imt_sdk_win_64/imt_sdk_win_64/winavr/bin/../lib/gcc/avr/4.3.3/avr5\libgcc.a(_thenan_sf.o)
 .debug_pubnames
                0x00000129       0x1f m:/tools/01-imt sdk/01- imt sdk/imt_sdk_win_64/imt_sdk_win_64/winavr/bin/../lib/gcc/avr/4.3.3/avr5\libgcc.a(_pack_sf.o)
 .debug_pubnames
                0x00000148       0x21 m:/tools/01-imt sdk/01- imt sdk/imt_sdk_win_64/imt_sdk_win_64/winavr/bin/../lib/gcc/avr/4.3.3/avr5\libgcc.a(_unpack_sf.o)
 .debug_pubnames
                0x00000169       0x26 m:/tools/01-imt sdk/01- imt sdk/imt_sdk_win_64/imt_sdk_win_64/winavr/bin/../lib/gcc/avr/4.3.3/avr5\libgcc.a(_fpcmp_parts_sf.o)

.debug_info     0x00000000     0x2045
 *(.debug_info)
 .debug_info    0x00000000       0xb1 m:/tools/01-imt sdk/01- imt sdk/imt_sdk_win_64/imt_sdk_win_64/winavr/bin/../lib/gcc/avr/4.3.3/avr5\libgcc.a(_fixunssfsi.o)
 .debug_info    0x000000b1      0x47a m:/tools/01-imt sdk/01- imt sdk/imt_sdk_win_64/imt_sdk_win_64/winavr/bin/../lib/gcc/avr/4.3.3/avr5\libgcc.a(_addsub_sf.o)
 .debug_info    0x0000052b      0x485 m:/tools/01-imt sdk/01- imt sdk/imt_sdk_win_64/imt_sdk_win_64/winavr/bin/../lib/gcc/avr/4.3.3/avr5\libgcc.a(_mul_sf.o)
 .debug_info    0x000009b0      0x3fc m:/tools/01-imt sdk/01- imt sdk/imt_sdk_win_64/imt_sdk_win_64/winavr/bin/../lib/gcc/avr/4.3.3/avr5\libgcc.a(_div_sf.o)
 .debug_info    0x00000dac      0x27f m:/tools/01-imt sdk/01- imt sdk/imt_sdk_win_64/imt_sdk_win_64/winavr/bin/../lib/gcc/avr/4.3.3/avr5\libgcc.a(_gt_sf.o)
 .debug_info    0x0000102b      0x27f m:/tools/01-imt sdk/01- imt sdk/imt_sdk_win_64/imt_sdk_win_64/winavr/bin/../lib/gcc/avr/4.3.3/avr5\libgcc.a(_ge_sf.o)
 .debug_info    0x000012aa      0x27f m:/tools/01-imt sdk/01- imt sdk/imt_sdk_win_64/imt_sdk_win_64/winavr/bin/../lib/gcc/avr/4.3.3/avr5\libgcc.a(_lt_sf.o)
 .debug_info    0x00001529      0x2b0 m:/tools/01-imt sdk/01- imt sdk/imt_sdk_win_64/imt_sdk_win_64/winavr/bin/../lib/gcc/avr/4.3.3/avr5\libgcc.a(_sf_to_si.o)
 .debug_info    0x000017d9      0x12c m:/tools/01-imt sdk/01- imt sdk/imt_sdk_win_64/imt_sdk_win_64/winavr/bin/../lib/gcc/avr/4.3.3/avr5\libgcc.a(_thenan_sf.o)
 .debug_info    0x00001905      0x2df m:/tools/01-imt sdk/01- imt sdk/imt_sdk_win_64/imt_sdk_win_64/winavr/bin/../lib/gcc/avr/4.3.3/avr5\libgcc.a(_pack_sf.o)
 .debug_info    0x00001be4      0x251 m:/tools/01-imt sdk/01- imt sdk/imt_sdk_win_64/imt_sdk_win_64/winavr/bin/../lib/gcc/avr/4.3.3/avr5\libgcc.a(_unpack_sf.o)
 .debug_info    0x00001e35      0x210 m:/tools/01-imt sdk/01- imt sdk/imt_sdk_win_64/imt_sdk_win_64/winavr/bin/../lib/gcc/avr/4.3.3/avr5\libgcc.a(_fpcmp_parts_sf.o)
 *(.gnu.linkonce.wi.*)

.debug_abbrev   0x00000000     0x1101
 *(.debug_abbrev)
 .debug_abbrev  0x00000000       0x5d m:/tools/01-imt sdk/01- imt sdk/imt_sdk_win_64/imt_sdk_win_64/winavr/bin/../lib/gcc/avr/4.3.3/avr5\libgcc.a(_fixunssfsi.o)
 .debug_abbrev  0x0000005d      0x1ea m:/tools/01-imt sdk/01- imt sdk/imt_sdk_win_64/imt_sdk_win_64/winavr/bin/../lib/gcc/avr/4.3.3/avr5\libgcc.a(_addsub_sf.o)
 .debug_abbrev  0x00000247      0x21b m:/tools/01-imt sdk/01- imt sdk/imt_sdk_win_64/imt_sdk_win_64/winavr/bin/../lib/gcc/avr/4.3.3/avr5\libgcc.a(_mul_sf.o)
 .debug_abbrev  0x00000462      0x216 m:/tools/01-imt sdk/01- imt sdk/imt_sdk_win_64/imt_sdk_win_64/winavr/bin/../lib/gcc/avr/4.3.3/avr5\libgcc.a(_div_sf.o)
 .debug_abbrev  0x00000678      0x15a m:/tools/01-imt sdk/01- imt sdk/imt_sdk_win_64/imt_sdk_win_64/winavr/bin/../lib/gcc/avr/4.3.3/avr5\libgcc.a(_gt_sf.o)
 .debug_abbrev  0x000007d2      0x15a m:/tools/01-imt sdk/01- imt sdk/imt_sdk_win_64/imt_sdk_win_64/winavr/bin/../lib/gcc/avr/4.3.3/avr5\libgcc.a(_ge_sf.o)
 .debug_abbrev  0x0000092c      0x15a m:/tools/01-imt sdk/01- imt sdk/imt_sdk_win_64/imt_sdk_win_64/winavr/bin/../lib/gcc/avr/4.3.3/avr5\libgcc.a(_lt_sf.o)
 .debug_abbrev  0x00000a86      0x17f m:/tools/01-imt sdk/01- imt sdk/imt_sdk_win_64/imt_sdk_win_64/winavr/bin/../lib/gcc/avr/4.3.3/avr5\libgcc.a(_sf_to_si.o)
 .debug_abbrev  0x00000c05       0xad m:/tools/01-imt sdk/01- imt sdk/imt_sdk_win_64/imt_sdk_win_64/winavr/bin/../lib/gcc/avr/4.3.3/avr5\libgcc.a(_thenan_sf.o)
 .debug_abbrev  0x00000cb2      0x1c0 m:/tools/01-imt sdk/01- imt sdk/imt_sdk_win_64/imt_sdk_win_64/winavr/bin/../lib/gcc/avr/4.3.3/avr5\libgcc.a(_pack_sf.o)
 .debug_abbrev  0x00000e72      0x154 m:/tools/01-imt sdk/01- imt sdk/imt_sdk_win_64/imt_sdk_win_64/winavr/bin/../lib/gcc/avr/4.3.3/avr5\libgcc.a(_unpack_sf.o)
 .debug_abbrev  0x00000fc6      0x13b m:/tools/01-imt sdk/01- imt sdk/imt_sdk_win_64/imt_sdk_win_64/winavr/bin/../lib/gcc/avr/4.3.3/avr5\libgcc.a(_fpcmp_parts_sf.o)

.debug_line     0x00000000      0xf82
 *(.debug_line)
 .debug_line    0x00000000       0xa7 m:/tools/01-imt sdk/01- imt sdk/imt_sdk_win_64/imt_sdk_win_64/winavr/bin/../lib/gcc/avr/4.3.3/avr5\libgcc.a(_fixunssfsi.o)
 .debug_line    0x000000a7      0x2af m:/tools/01-imt sdk/01- imt sdk/imt_sdk_win_64/imt_sdk_win_64/winavr/bin/../lib/gcc/avr/4.3.3/avr5\libgcc.a(_addsub_sf.o)
 .debug_line    0x00000356      0x239 m:/tools/01-imt sdk/01- imt sdk/imt_sdk_win_64/imt_sdk_win_64/winavr/bin/../lib/gcc/avr/4.3.3/avr5\libgcc.a(_mul_sf.o)
 .debug_line    0x0000058f      0x1d5 m:/tools/01-imt sdk/01- imt sdk/imt_sdk_win_64/imt_sdk_win_64/winavr/bin/../lib/gcc/avr/4.3.3/avr5\libgcc.a(_div_sf.o)
 .debug_line    0x00000764       0xd3 m:/tools/01-imt sdk/01- imt sdk/imt_sdk_win_64/imt_sdk_win_64/winavr/bin/../lib/gcc/avr/4.3.3/avr5\libgcc.a(_gt_sf.o)
 .debug_line    0x00000837       0xd3 m:/tools/01-imt sdk/01- imt sdk/imt_sdk_win_64/imt_sdk_win_64/winavr/bin/../lib/gcc/avr/4.3.3/avr5\libgcc.a(_ge_sf.o)
 .debug_line    0x0000090a       0xd3 m:/tools/01-imt sdk/01- imt sdk/imt_sdk_win_64/imt_sdk_win_64/winavr/bin/../lib/gcc/avr/4.3.3/avr5\libgcc.a(_lt_sf.o)
 .debug_line    0x000009dd      0x109 m:/tools/01-imt sdk/01- imt sdk/imt_sdk_win_64/imt_sdk_win_64/winavr/bin/../lib/gcc/avr/4.3.3/avr5\libgcc.a(_sf_to_si.o)
 .debug_line    0x00000ae6       0x90 m:/tools/01-imt sdk/01- imt sdk/imt_sdk_win_64/imt_sdk_win_64/winavr/bin/../lib/gcc/avr/4.3.3/avr5\libgcc.a(_thenan_sf.o)
 .debug_line    0x00000b76      0x18a m:/tools/01-imt sdk/01- imt sdk/imt_sdk_win_64/imt_sdk_win_64/winavr/bin/../lib/gcc/avr/4.3.3/avr5\libgcc.a(_pack_sf.o)
 .debug_line    0x00000d00      0x14b m:/tools/01-imt sdk/01- imt sdk/imt_sdk_win_64/imt_sdk_win_64/winavr/bin/../lib/gcc/avr/4.3.3/avr5\libgcc.a(_unpack_sf.o)
 .debug_line    0x00000e4b      0x137 m:/tools/01-imt sdk/01- imt sdk/imt_sdk_win_64/imt_sdk_win_64/winavr/bin/../lib/gcc/avr/4.3.3/avr5\libgcc.a(_fpcmp_parts_sf.o)

.debug_frame    0x00000000      0x180
 *(.debug_frame)
 .debug_frame   0x00000000       0x20 m:/tools/01-imt sdk/01- imt sdk/imt_sdk_win_64/imt_sdk_win_64/winavr/bin/../lib/gcc/avr/4.3.3/avr5\libgcc.a(_fixunssfsi.o)
 .debug_frame   0x00000020       0x40 m:/tools/01-imt sdk/01- imt sdk/imt_sdk_win_64/imt_sdk_win_64/winavr/bin/../lib/gcc/avr/4.3.3/avr5\libgcc.a(_addsub_sf.o)
 .debug_frame   0x00000060       0x20 m:/tools/01-imt sdk/01- imt sdk/imt_sdk_win_64/imt_sdk_win_64/winavr/bin/../lib/gcc/avr/4.3.3/avr5\libgcc.a(_mul_sf.o)
 .debug_frame   0x00000080       0x20 m:/tools/01-imt sdk/01- imt sdk/imt_sdk_win_64/imt_sdk_win_64/winavr/bin/../lib/gcc/avr/4.3.3/avr5\libgcc.a(_div_sf.o)
 .debug_frame   0x000000a0       0x20 m:/tools/01-imt sdk/01- imt sdk/imt_sdk_win_64/imt_sdk_win_64/winavr/bin/../lib/gcc/avr/4.3.3/avr5\libgcc.a(_gt_sf.o)
 .debug_frame   0x000000c0       0x20 m:/tools/01-imt sdk/01- imt sdk/imt_sdk_win_64/imt_sdk_win_64/winavr/bin/../lib/gcc/avr/4.3.3/avr5\libgcc.a(_ge_sf.o)
 .debug_frame   0x000000e0       0x20 m:/tools/01-imt sdk/01- imt sdk/imt_sdk_win_64/imt_sdk_win_64/winavr/bin/../lib/gcc/avr/4.3.3/avr5\libgcc.a(_lt_sf.o)
 .debug_frame   0x00000100       0x20 m:/tools/01-imt sdk/01- imt sdk/imt_sdk_win_64/imt_sdk_win_64/winavr/bin/../lib/gcc/avr/4.3.3/avr5\libgcc.a(_sf_to_si.o)
 .debug_frame   0x00000120       0x20 m:/tools/01-imt sdk/01- imt sdk/imt_sdk_win_64/imt_sdk_win_64/winavr/bin/../lib/gcc/avr/4.3.3/avr5\libgcc.a(_pack_sf.o)
 .debug_frame   0x00000140       0x20 m:/tools/01-imt sdk/01- imt sdk/imt_sdk_win_64/imt_sdk_win_64/winavr/bin/../lib/gcc/avr/4.3.3/avr5\libgcc.a(_unpack_sf.o)
 .debug_frame   0x00000160       0x20 m:/tools/01-imt sdk/01- imt sdk/imt_sdk_win_64/imt_sdk_win_64/winavr/bin/../lib/gcc/avr/4.3.3/avr5\libgcc.a(_fpcmp_parts_sf.o)

.debug_str      0x00000000      0x2c2
 *(.debug_str)
 .debug_str     0x00000000       0xbf m:/tools/01-imt sdk/01- imt sdk/imt_sdk_win_64/imt_sdk_win_64/winavr/bin/../lib/gcc/avr/4.3.3/avr5\libgcc.a(_fixunssfsi.o)
                                 0xfe (size before relaxing)
 .debug_str     0x000000bf      0x14d m:/tools/01-imt sdk/01- imt sdk/imt_sdk_win_64/imt_sdk_win_64/winavr/bin/../lib/gcc/avr/4.3.3/avr5\libgcc.a(_addsub_sf.o)
                                0x206 (size before relaxing)
 .debug_str     0x0000020c       0x27 m:/tools/01-imt sdk/01- imt sdk/imt_sdk_win_64/imt_sdk_win_64/winavr/bin/../lib/gcc/avr/4.3.3/avr5\libgcc.a(_mul_sf.o)
                                0x1bf (size before relaxing)
 .debug_str     0x00000233       0x35 m:/tools/01-imt sdk/01- imt sdk/imt_sdk_win_64/imt_sdk_win_64/winavr/bin/../lib/gcc/avr/4.3.3/avr5\libgcc.a(_div_sf.o)
                                0x1c8 (size before relaxing)
 .debug_str     0x00000268        0xf m:/tools/01-imt sdk/01- imt sdk/imt_sdk_win_64/imt_sdk_win_64/winavr/bin/../lib/gcc/avr/4.3.3/avr5\libgcc.a(_gt_sf.o)
                                0x195 (size before relaxing)
 .debug_str     0x00000277        0x8 m:/tools/01-imt sdk/01- imt sdk/imt_sdk_win_64/imt_sdk_win_64/winavr/bin/../lib/gcc/avr/4.3.3/avr5\libgcc.a(_ge_sf.o)
                                0x195 (size before relaxing)
 .debug_str     0x0000027f        0x8 m:/tools/01-imt sdk/01- imt sdk/imt_sdk_win_64/imt_sdk_win_64/winavr/bin/../lib/gcc/avr/4.3.3/avr5\libgcc.a(_lt_sf.o)
                                0x195 (size before relaxing)
 .debug_str     0x00000287        0xa m:/tools/01-imt sdk/01- imt sdk/imt_sdk_win_64/imt_sdk_win_64/winavr/bin/../lib/gcc/avr/4.3.3/avr5\libgcc.a(_sf_to_si.o)
                                0x19e (size before relaxing)
 .debug_str     0x00000000      0x103 m:/tools/01-imt sdk/01- imt sdk/imt_sdk_win_64/imt_sdk_win_64/winavr/bin/../lib/gcc/avr/4.3.3/avr5\libgcc.a(_thenan_sf.o)
 .debug_str     0x00000291       0x16 m:/tools/01-imt sdk/01- imt sdk/imt_sdk_win_64/imt_sdk_win_64/winavr/bin/../lib/gcc/avr/4.3.3/avr5\libgcc.a(_pack_sf.o)
                                0x19d (size before relaxing)
 .debug_str     0x000002a7        0xb m:/tools/01-imt sdk/01- imt sdk/imt_sdk_win_64/imt_sdk_win_64/winavr/bin/../lib/gcc/avr/4.3.3/avr5\libgcc.a(_unpack_sf.o)
                                0x17f (size before relaxing)
 .debug_str     0x000002b2       0x10 m:/tools/01-imt sdk/01- imt sdk/imt_sdk_win_64/imt_sdk_win_64/winavr/bin/../lib/gcc/avr/4.3.3/avr5\libgcc.a(_fpcmp_parts_sf.o)
                                0x163 (size before relaxing)

.debug_loc      0x00000000      0x88e
 *(.debug_loc)
 .debug_loc     0x00000000       0x34 m:/tools/01-imt sdk/01- imt sdk/imt_sdk_win_64/imt_sdk_win_64/winavr/bin/../lib/gcc/avr/4.3.3/avr5\libgcc.a(_fixunssfsi.o)
 .debug_loc     0x00000034      0x32a m:/tools/01-imt sdk/01- imt sdk/imt_sdk_win_64/imt_sdk_win_64/winavr/bin/../lib/gcc/avr/4.3.3/avr5\libgcc.a(_addsub_sf.o)
 .debug_loc     0x0000035e      0x104 m:/tools/01-imt sdk/01- imt sdk/imt_sdk_win_64/imt_sdk_win_64/winavr/bin/../lib/gcc/avr/4.3.3/avr5\libgcc.a(_mul_sf.o)
 .debug_loc     0x00000462       0xc0 m:/tools/01-imt sdk/01- imt sdk/imt_sdk_win_64/imt_sdk_win_64/winavr/bin/../lib/gcc/avr/4.3.3/avr5\libgcc.a(_div_sf.o)
 .debug_loc     0x00000522       0x3c m:/tools/01-imt sdk/01- imt sdk/imt_sdk_win_64/imt_sdk_win_64/winavr/bin/../lib/gcc/avr/4.3.3/avr5\libgcc.a(_gt_sf.o)
 .debug_loc     0x0000055e       0x3c m:/tools/01-imt sdk/01- imt sdk/imt_sdk_win_64/imt_sdk_win_64/winavr/bin/../lib/gcc/avr/4.3.3/avr5\libgcc.a(_ge_sf.o)
 .debug_loc     0x0000059a       0x3c m:/tools/01-imt sdk/01- imt sdk/imt_sdk_win_64/imt_sdk_win_64/winavr/bin/../lib/gcc/avr/4.3.3/avr5\libgcc.a(_lt_sf.o)
 .debug_loc     0x000005d6       0x7e m:/tools/01-imt sdk/01- imt sdk/imt_sdk_win_64/imt_sdk_win_64/winavr/bin/../lib/gcc/avr/4.3.3/avr5\libgcc.a(_sf_to_si.o)
 .debug_loc     0x00000654      0x13e m:/tools/01-imt sdk/01- imt sdk/imt_sdk_win_64/imt_sdk_win_64/winavr/bin/../lib/gcc/avr/4.3.3/avr5\libgcc.a(_pack_sf.o)
 .debug_loc     0x00000792       0xac m:/tools/01-imt sdk/01- imt sdk/imt_sdk_win_64/imt_sdk_win_64/winavr/bin/../lib/gcc/avr/4.3.3/avr5\libgcc.a(_unpack_sf.o)
 .debug_loc     0x0000083e       0x50 m:/tools/01-imt sdk/01- imt sdk/imt_sdk_win_64/imt_sdk_win_64/winavr/bin/../lib/gcc/avr/4.3.3/avr5\libgcc.a(_fpcmp_parts_sf.o)

.debug_macinfo
 *(.debug_macinfo)
OUTPUT(test2.elf elf32-avr)
LOAD linker stubs

.debug_ranges   0x00000000       0x50
 .debug_ranges  0x00000000       0x50 m:/tools/01-imt sdk/01- imt sdk/imt_sdk_win_64/imt_sdk_win_64/winavr/bin/../lib/gcc/avr/4.3.3/avr5\libgcc.a(_mul_sf.o)
